(Arreglo#crearCon: 1, 2, 3, 4)
(Arreglo#crearCon: 1, 2, 3, 4)
(Arreglo#crearCon: 1, 10, 3, 4)
(Arreglo#crearCon: 1, 10, 3, 4)
(Arreglo#crearCon: 1, 10, 3, 4)
(Arreglo#crearCon: 1, 10, 3, 4)
(Arreglo#crearCon: 1, 10, 3, 4)
(Arreglo#crearCon: 1, 10, 3, -3)
