FALSO
VERDADERO
VERDADERO
VERDADERO
FALSO
FALSO
FALSO
VERDADERO
0
1
2
1
4
3
