¡Hola Mundo!
Adios "hola" Adios

1 = 2
formatear
¡Hola ~T!
hello world


«»«» {}{}
