2001
2003
2004
NULO
3001
20
3003
1
3004
NULO
NULO
4001
20
NULO
4003
2
1
4004
NULO
NULO
NULO
5001
20
NULO
NULO
5003
2
1
NULO
5004
