5837
-731
1
13
53.029999
-7.425000
0.423000
-0.132340
